{
    "Only Download Unique Accessions": {
        "content": [
            {
                "0": [
                    "SRR29462562.fastq.gz:md5,31506ee0f339cb6398dd326d5cb23b77"
                ],
                "fastq": [
                    "SRR29462562.fastq.gz:md5,31506ee0f339cb6398dd326d5cb23b77"
                ]
            }
        ],
        "meta": {
            "nf-test": "0.9.2",
            "nextflow": "24.10.3"
        },
        "timestamp": "2025-01-06T14:20:55.214430761"
    },
    "Clean Output": {
        "content": [
            {
                "0": [
                    "SRR29462562.fastq.gz:md5,31506ee0f339cb6398dd326d5cb23b77"
                ],
                "fastq": [
                    "SRR29462562.fastq.gz:md5,31506ee0f339cb6398dd326d5cb23b77"
                ]
            }
        ],
        "meta": {
            "nf-test": "0.9.2",
            "nextflow": "24.10.3"
        },
        "timestamp": "2025-01-06T14:21:50.268023028"
    },
    "Basic workflow": {
        "content": [
            {
                "0": [
                    "SRR29462562.fastq.gz:md5,31506ee0f339cb6398dd326d5cb23b77"
                ],
                "fastq": [
                    "SRR29462562.fastq.gz:md5,31506ee0f339cb6398dd326d5cb23b77"
                ]
            }
        ],
        "meta": {
            "nf-test": "0.9.2",
            "nextflow": "24.10.3"
        },
        "timestamp": "2025-01-06T14:20:03.994730963"
    }
}