{
    "PolyA removal": {
        "content": [
            {
                "0": [
                    [
                        "QC.1.trimmed.fastq:md5,deb773f1726c6134a7d2fc069af7b21b",
                        "QC.2.trimmed.fastq:md5,a793e8ccfe60c0f9462a80d520eecd7a"
                    ]
                ],
                "trimmed": [
                    [
                        "QC.1.trimmed.fastq:md5,deb773f1726c6134a7d2fc069af7b21b",
                        "QC.2.trimmed.fastq:md5,a793e8ccfe60c0f9462a80d520eecd7a"
                    ]
                ]
            }
        ],
        "meta": {
            "nf-test": "0.9.2",
            "nextflow": "24.10.3"
        },
        "timestamp": "2025-01-06T14:15:19.062459705"
    },
    "Basic SE": {
        "content": [
            {
                "0": [
                    "QC.unpaired.trimmed.fastq:md5,3a0138c06e9cd504e2cca8e5d93532f1"
                ],
                "trimmed": [
                    "QC.unpaired.trimmed.fastq:md5,3a0138c06e9cd504e2cca8e5d93532f1"
                ]
            }
        ],
        "meta": {
            "nf-test": "0.9.2",
            "nextflow": "24.10.3"
        },
        "timestamp": "2025-01-06T14:14:24.933787665"
    },
    "SE with adapter removal": {
        "content": [
            {
                "0": [
                    "QC.unpaired.trimmed.fastq:md5,3e43d37648eea875f5583f5cfcbb16ca"
                ],
                "trimmed": [
                    "QC.unpaired.trimmed.fastq:md5,3e43d37648eea875f5583f5cfcbb16ca"
                ]
            }
        ],
        "meta": {
            "nf-test": "0.9.2",
            "nextflow": "24.10.3"
        },
        "timestamp": "2025-01-06T14:15:03.845678151"
    },
    "Basic PE": {
        "content": [
            {
                "0": [
                    [
                        "QC.1.trimmed.fastq:md5,deb773f1726c6134a7d2fc069af7b21b",
                        "QC.2.trimmed.fastq:md5,a793e8ccfe60c0f9462a80d520eecd7a"
                    ]
                ],
                "trimmed": [
                    [
                        "QC.1.trimmed.fastq:md5,deb773f1726c6134a7d2fc069af7b21b",
                        "QC.2.trimmed.fastq:md5,a793e8ccfe60c0f9462a80d520eecd7a"
                    ]
                ]
            }
        ],
        "meta": {
            "nf-test": "0.9.2",
            "nextflow": "24.10.3"
        },
        "timestamp": "2025-01-06T14:14:13.196766924"
    },
    "PE with adapter removal": {
        "content": [
            {
                "0": [
                    [
                        "QC.1.trimmed.fastq:md5,1e70223f29baaced4509b62a5e84f074",
                        "QC.2.trimmed.fastq:md5,649bf376592b80e9ae1cee81d018a65f"
                    ]
                ],
                "trimmed": [
                    [
                        "QC.1.trimmed.fastq:md5,1e70223f29baaced4509b62a5e84f074",
                        "QC.2.trimmed.fastq:md5,649bf376592b80e9ae1cee81d018a65f"
                    ]
                ]
            }
        ],
        "meta": {
            "nf-test": "0.9.2",
            "nextflow": "24.10.3"
        },
        "timestamp": "2025-01-06T14:14:46.464717034"
    }
}