{
    "1 Pair of PE files": {
        "content": [
            {
                "0": [
                    "151"
                ],
                "1": [
                    [
                        "all.1.fastq:md5,c9cd5b2586c75c7448674ff3ff5451de",
                        "all.2.fastq:md5,3b69b59ed5c7111e5d57b900174ef2f6"
                    ]
                ],
                "2": [
                    
                ],
                "avgReadLen": [
                    "151"
                ],
                "paired": [
                    [
                        "all.1.fastq:md5,c9cd5b2586c75c7448674ff3ff5451de",
                        "all.2.fastq:md5,3b69b59ed5c7111e5d57b900174ef2f6"
                    ]
                ],
                "unpaired": [
                    
                ]
            }
        ],
        "meta": {
            "nf-test": "0.9.2",
            "nextflow": "24.10.3"
        },
        "timestamp": "2025-02-02T11:31:40.02809114"
    },
    "1 Unpaired File": {
        "content": [
            {
                "0": [
                    "151"
                ],
                "1": [
                    
                ],
                "2": [
                    "all.se.fastq:md5,c9cd5b2586c75c7448674ff3ff5451de"
                ],
                "avgReadLen": [
                    "151"
                ],
                "paired": [
                    
                ],
                "unpaired": [
                    "all.se.fastq:md5,c9cd5b2586c75c7448674ff3ff5451de"
                ]
            }
        ],
        "meta": {
            "nf-test": "0.9.2",
            "nextflow": "24.10.3"
        },
        "timestamp": "2025-02-02T11:31:30.176224384"
    }
}