{
    "1 Pair of PE files": {
        "content": [
            {
                "0": [
                    "151"
                ],
                "1": [
                    [
                        "all.1.fastq:md5,c9cd5b2586c75c7448674ff3ff5451de",
                        "all.2.fastq:md5,3b69b59ed5c7111e5d57b900174ef2f6"
                    ]
                ],
                "avgReadLen": [
                    "151"
                ],
                "fastqFiles": [
                    [
                        "all.1.fastq:md5,c9cd5b2586c75c7448674ff3ff5451de",
                        "all.2.fastq:md5,3b69b59ed5c7111e5d57b900174ef2f6"
                    ]
                ]
            }
        ],
        "meta": {
            "nf-test": "0.9.2",
            "nextflow": "24.10.3"
        },
        "timestamp": "2025-01-06T13:53:45.128251613"
    },
    "1 Unpaired File": {
        "content": [
            {
                "0": [
                    "151"
                ],
                "1": [
                    "all.se.fastq:md5,c9cd5b2586c75c7448674ff3ff5451de"
                ],
                "avgReadLen": [
                    "151"
                ],
                "fastqFiles": [
                    "all.se.fastq:md5,c9cd5b2586c75c7448674ff3ff5451de"
                ]
            }
        ],
        "meta": {
            "nf-test": "0.9.2",
            "nextflow": "24.10.3"
        },
        "timestamp": "2025-01-06T13:51:42.65748549"
    }
}